// Jest Snapshot v1, https://goo.gl/fbAQLP

exports[`Should render account page correctly 1`] = `
<div
  className="page-container"
>
  <div
    className="account__title"
  >
    <div
      className="container"
    >
      <div
        className="account__title"
      >
        <h1>
          My Account Page
        </h1>
      </div>
    </div>
  </div>
  <div
    className="container"
  >
    <div
      className="account__option"
    >
      <h2>
        Set Base Currency
      </h2>
      <Input
        checked={false}
        onChange={[Function]}
        s={5}
        type="select"
        value="AED"
      >
        <option
          key="AED"
          value="AED"
        >
          United Arab Emirates Dirham
        </option>
        <option
          key="AFN"
          value="AFN"
        >
          Afghan Afghani
        </option>
        <option
          key="ALL"
          value="ALL"
        >
          Albanian Lek
        </option>
        <option
          key="AMD"
          value="AMD"
        >
          Armenian Dram
        </option>
        <option
          key="ANG"
          value="ANG"
        >
          Netherlands Antillean Gulden
        </option>
        <option
          key="AOA"
          value="AOA"
        >
          Angolan Kwanza
        </option>
        <option
          key="ARS"
          value="ARS"
        >
          Argentine Peso
        </option>
      </Input>
    </div>
  </div>
</div>
`;
