// Jest Snapshot v1, https://goo.gl/fbAQLP

exports[`Should render ExchangePage correctly 1`] = `
<div
  className="page-container"
>
  <div
    className="exchange-display"
  >
    <div
      className="container"
    >
      <h3>
         
        1
         
        Afghan Afghani
      </h3>
      <h3>
         
        0.29
         
        Argentine Peso
      </h3>
    </div>
  </div>
  <div
    className="container exchange"
  >
    <Row
      className="selector"
    >
      <Col
        s={5}
      >
        <input
          id="amount-input"
          onChange={[Function]}
          placeholder="Amount"
          type="text"
          value={1}
        />
      </Col>
      <Col
        className="arrow"
        s={2}
      >
        <Icon
          medium={true}
        >
          arrow_forward
        </Icon>
      </Col>
      <div
        s={5}
      >
        <h3>
          0.29
        </h3>
      </div>
    </Row>
    <Row
      className="selector"
    >
      <Input
        checked={false}
        id="base-currency"
        onChange={[Function]}
        s={5}
        type="select"
        value="AFN"
      >
        <option
          key="AED"
          value="AED"
        >
          United Arab Emirates Dirham
        </option>
        <option
          key="AFN"
          value="AFN"
        >
          Afghan Afghani
        </option>
        <option
          key="ALL"
          value="ALL"
        >
          Albanian Lek
        </option>
        <option
          key="AMD"
          value="AMD"
        >
          Armenian Dram
        </option>
        <option
          key="ANG"
          value="ANG"
        >
          Netherlands Antillean Gulden
        </option>
        <option
          key="AOA"
          value="AOA"
        >
          Angolan Kwanza
        </option>
        <option
          key="ARS"
          value="ARS"
        >
          Argentine Peso
        </option>
      </Input>
      <Col
        className="arrow"
        s={2}
      >
        <Icon
          medium={true}
        >
          arrow_forward
        </Icon>
      </Col>
      <Input
        checked={false}
        id="conversion-currency"
        onChange={[Function]}
        s={5}
        type="select"
        value="ARS"
      >
        <option
          key="AED"
          value="AED"
        >
          United Arab Emirates Dirham
        </option>
        <option
          key="AFN"
          value="AFN"
        >
          Afghan Afghani
        </option>
        <option
          key="ALL"
          value="ALL"
        >
          Albanian Lek
        </option>
        <option
          key="AMD"
          value="AMD"
        >
          Armenian Dram
        </option>
        <option
          key="ANG"
          value="ANG"
        >
          Netherlands Antillean Gulden
        </option>
        <option
          key="AOA"
          value="AOA"
        >
          Angolan Kwanza
        </option>
        <option
          key="ARS"
          value="ARS"
        >
          Argentine Peso
        </option>
      </Input>
    </Row>
  </div>
</div>
`;
