// Jest Snapshot v1, https://goo.gl/fbAQLP

exports[`Should render Header correctly 1`] = `
<header
  className="header"
>
  <div
    className="container"
  >
    <div
      className="header__content"
    >
      <Link
        className="header__title"
        replace={false}
        to="/dashboard"
      >
        <h1>
          Cryptotracker
        </h1>
      </Link>
      <div>
        <Link
          className="button button--link"
          replace={false}
          to="/dashboard"
        >
          Dashboard
        </Link>
        <Link
          className="button button--link"
          replace={false}
          to="/exchange"
        >
          Exchange
        </Link>
        <Dropdown
          trigger={
            <button
              className="button button--link"
              data-beloworigin="true"
            >
              Filter
            </button>
          }
        >
          <Link
            replace={false}
            to="/filter/bitcoin"
          >
            <button
              className="button--dropdown"
            >
              Bitcoin
            </button>
          </Link>
          <Link
            replace={false}
            to="/filter/litecoin"
          >
            <button
              className="button--dropdown"
            >
              Litecoin
            </button>
          </Link>
          <Link
            replace={false}
            to="/filter/ethereum"
          >
            <button
              className="button--dropdown"
            >
              Ethereum
            </button>
          </Link>
        </Dropdown>
        <Dropdown
          trigger={
            <button
              className="button button--link"
              data-beloworigin="true"
            >
              Account
            </button>
          }
        >
          <Link
            replace={false}
            to="/account"
          >
            <button
              className="button--dropdown"
            >
              Settings
            </button>
          </Link>
          <button
            className="button--dropdown"
            id="logout"
            onClick={[Function]}
          >
            Logout
          </button>
        </Dropdown>
      </div>
    </div>
  </div>
</header>
`;
