// Jest Snapshot v1, https://goo.gl/fbAQLP

exports[`should render LoginPage correctly 1`] = `
<div
  className="login"
>
  <div
    className="login__box"
  >
    <div
      className="login__image"
    >
      <img
        src="/images/Crypto_Logo.svg"
      />
    </div>
    <h1
      className="login__title"
    >
      CryptoTracker
    </h1>
    <p
      className="login__subtitle"
    >
      Tracking cryptos, one hour at a time.
    </p>
    <button
      className="button"
      onClick={[Function]}
    >
      Login with Google
    </button>
  </div>
</div>
`;
