// Jest Snapshot v1, https://goo.gl/fbAQLP

exports[`Should render NotFoundPage correctly 1`] = `
<div>
  <Connect(Header) />
  <div
    className="page-container"
  >
    <div
      className="container"
    >
      <h1>
        We're Sorry! This page doesn't exist 
      </h1>
      <p>
        Error Code: 404 - 
        <Link
          replace={false}
          to="/"
        >
          Go Home
        </Link>
      </p>
    </div>
  </div>
  <Footer />
</div>
`;
